// Jest Snapshot v1, https://goo.gl/fbAQLP

exports[`ButtonGroup matches snapshot 1`] = `
<View
  style={
    {
      "width": "100%",
    }
  }
>
  <View
    accessibilityLabel="Vazio, Equipamentos livres"
    accessibilityRole="button"
    accessibilityState={
      {
        "busy": undefined,
        "checked": undefined,
        "disabled": false,
        "expanded": undefined,
        "selected": false,
      }
    }
    accessibilityValue={
      {
        "max": undefined,
        "min": undefined,
        "now": undefined,
        "text": undefined,
      }
    }
    accessible={true}
    collapsable={false}
    focusable={true}
    onClick={[Function]}
    onResponderGrant={[Function]}
    onResponderMove={[Function]}
    onResponderRelease={[Function]}
    onResponderTerminate={[Function]}
    onResponderTerminationRequest={[Function]}
    onStartShouldSetResponder={[Function]}
    style={
      {
        "alignItems": "center",
        "backgroundColor": "#2A2A2E",
        "borderBottomLeftRadius": 8,
        "borderBottomRightRadius": 8,
        "borderTopLeftRadius": 8,
        "borderTopRightRadius": 8,
        "flexDirection": "row",
        "marginBottom": 8,
        "opacity": 1,
        "paddingBottom": 12,
        "paddingLeft": 16,
        "paddingRight": 16,
        "paddingTop": 12,
      }
    }
  >
    <View
      color="#4CAF50"
      style={
        {
          "backgroundColor": "#4CAF50",
          "borderBottomLeftRadius": 9999,
          "borderBottomRightRadius": 9999,
          "borderTopLeftRadius": 9999,
          "borderTopRightRadius": 9999,
          "height": 12,
          "marginRight": 12,
          "width": 12,
        }
      }
    />
    <View
      style={
        {
          "flexBasis": 0,
          "flexGrow": 1,
          "flexShrink": 1,
        }
      }
    >
      <Text
        color="#FFFFFF"
        style={
          {
            "color": "#FFFFFF",
            "fontFamily": "Inter_700Bold",
            "fontSize": 14,
            "fontWeight": "700",
          }
        }
      >
        Vazio
      </Text>
      <Text
        color="#8A8A8E"
        style={
          {
            "color": "#8A8A8E",
            "fontFamily": "Inter_400Regular",
            "fontSize": 12,
            "marginTop": 4,
          }
        }
      >
        Equipamentos livres
      </Text>
    </View>
    <Text
      color="#8A8A8E"
      style={
        {
          "color": "#8A8A8E",
          "fontFamily": "Inter_400Regular",
          "fontSize": 16,
          "fontWeight": "400",
          "marginLeft": 8,
        }
      }
    >
      ›
    </Text>
  </View>
  <View
    accessibilityLabel="Normal, Fluxo tranquilo"
    accessibilityRole="button"
    accessibilityState={
      {
        "busy": undefined,
        "checked": undefined,
        "disabled": false,
        "expanded": undefined,
        "selected": false,
      }
    }
    accessibilityValue={
      {
        "max": undefined,
        "min": undefined,
        "now": undefined,
        "text": undefined,
      }
    }
    accessible={true}
    collapsable={false}
    focusable={true}
    onClick={[Function]}
    onResponderGrant={[Function]}
    onResponderMove={[Function]}
    onResponderRelease={[Function]}
    onResponderTerminate={[Function]}
    onResponderTerminationRequest={[Function]}
    onStartShouldSetResponder={[Function]}
    style={
      {
        "alignItems": "center",
        "backgroundColor": "#2A2A2E",
        "borderBottomLeftRadius": 8,
        "borderBottomRightRadius": 8,
        "borderTopLeftRadius": 8,
        "borderTopRightRadius": 8,
        "flexDirection": "row",
        "marginBottom": 8,
        "opacity": 1,
        "paddingBottom": 12,
        "paddingLeft": 16,
        "paddingRight": 16,
        "paddingTop": 12,
      }
    }
  >
    <View
      color="#FFC107"
      style={
        {
          "backgroundColor": "#FFC107",
          "borderBottomLeftRadius": 9999,
          "borderBottomRightRadius": 9999,
          "borderTopLeftRadius": 9999,
          "borderTopRightRadius": 9999,
          "height": 12,
          "marginRight": 12,
          "width": 12,
        }
      }
    />
    <View
      style={
        {
          "flexBasis": 0,
          "flexGrow": 1,
          "flexShrink": 1,
        }
      }
    >
      <Text
        color="#FFFFFF"
        style={
          {
            "color": "#FFFFFF",
            "fontFamily": "Inter_700Bold",
            "fontSize": 14,
            "fontWeight": "700",
          }
        }
      >
        Normal
      </Text>
      <Text
        color="#8A8A8E"
        style={
          {
            "color": "#8A8A8E",
            "fontFamily": "Inter_400Regular",
            "fontSize": 12,
            "marginTop": 4,
          }
        }
      >
        Fluxo tranquilo
      </Text>
    </View>
    <Text
      color="#8A8A8E"
      style={
        {
          "color": "#8A8A8E",
          "fontFamily": "Inter_400Regular",
          "fontSize": 16,
          "fontWeight": "400",
          "marginLeft": 8,
        }
      }
    >
      ›
    </Text>
  </View>
  <View
    accessibilityLabel="Cheio, Espera em alguns"
    accessibilityRole="button"
    accessibilityState={
      {
        "busy": undefined,
        "checked": undefined,
        "disabled": false,
        "expanded": undefined,
        "selected": false,
      }
    }
    accessibilityValue={
      {
        "max": undefined,
        "min": undefined,
        "now": undefined,
        "text": undefined,
      }
    }
    accessible={true}
    collapsable={false}
    focusable={true}
    onClick={[Function]}
    onResponderGrant={[Function]}
    onResponderMove={[Function]}
    onResponderRelease={[Function]}
    onResponderTerminate={[Function]}
    onResponderTerminationRequest={[Function]}
    onStartShouldSetResponder={[Function]}
    style={
      {
        "alignItems": "center",
        "backgroundColor": "#2A2A2E",
        "borderBottomLeftRadius": 8,
        "borderBottomRightRadius": 8,
        "borderTopLeftRadius": 8,
        "borderTopRightRadius": 8,
        "flexDirection": "row",
        "marginBottom": 8,
        "opacity": 1,
        "paddingBottom": 12,
        "paddingLeft": 16,
        "paddingRight": 16,
        "paddingTop": 12,
      }
    }
  >
    <View
      color="#FF9800"
      style={
        {
          "backgroundColor": "#FF9800",
          "borderBottomLeftRadius": 9999,
          "borderBottomRightRadius": 9999,
          "borderTopLeftRadius": 9999,
          "borderTopRightRadius": 9999,
          "height": 12,
          "marginRight": 12,
          "width": 12,
        }
      }
    />
    <View
      style={
        {
          "flexBasis": 0,
          "flexGrow": 1,
          "flexShrink": 1,
        }
      }
    >
      <Text
        color="#FFFFFF"
        style={
          {
            "color": "#FFFFFF",
            "fontFamily": "Inter_700Bold",
            "fontSize": 14,
            "fontWeight": "700",
          }
        }
      >
        Cheio
      </Text>
      <Text
        color="#8A8A8E"
        style={
          {
            "color": "#8A8A8E",
            "fontFamily": "Inter_400Regular",
            "fontSize": 12,
            "marginTop": 4,
          }
        }
      >
        Espera em alguns
      </Text>
    </View>
    <Text
      color="#8A8A8E"
      style={
        {
          "color": "#8A8A8E",
          "fontFamily": "Inter_400Regular",
          "fontSize": 16,
          "fontWeight": "400",
          "marginLeft": 8,
        }
      }
    >
      ›
    </Text>
  </View>
  <View
    accessibilityLabel="Lotado, Longa espera"
    accessibilityRole="button"
    accessibilityState={
      {
        "busy": undefined,
        "checked": undefined,
        "disabled": false,
        "expanded": undefined,
        "selected": false,
      }
    }
    accessibilityValue={
      {
        "max": undefined,
        "min": undefined,
        "now": undefined,
        "text": undefined,
      }
    }
    accessible={true}
    collapsable={false}
    focusable={true}
    onClick={[Function]}
    onResponderGrant={[Function]}
    onResponderMove={[Function]}
    onResponderRelease={[Function]}
    onResponderTerminate={[Function]}
    onResponderTerminationRequest={[Function]}
    onStartShouldSetResponder={[Function]}
    style={
      {
        "alignItems": "center",
        "backgroundColor": "#2A2A2E",
        "borderBottomLeftRadius": 8,
        "borderBottomRightRadius": 8,
        "borderTopLeftRadius": 8,
        "borderTopRightRadius": 8,
        "flexDirection": "row",
        "marginBottom": 0,
        "opacity": 1,
        "paddingBottom": 12,
        "paddingLeft": 16,
        "paddingRight": 16,
        "paddingTop": 12,
      }
    }
  >
    <View
      color="#F44336"
      style={
        {
          "backgroundColor": "#F44336",
          "borderBottomLeftRadius": 9999,
          "borderBottomRightRadius": 9999,
          "borderTopLeftRadius": 9999,
          "borderTopRightRadius": 9999,
          "height": 12,
          "marginRight": 12,
          "width": 12,
        }
      }
    />
    <View
      style={
        {
          "flexBasis": 0,
          "flexGrow": 1,
          "flexShrink": 1,
        }
      }
    >
      <Text
        color="#FFFFFF"
        style={
          {
            "color": "#FFFFFF",
            "fontFamily": "Inter_700Bold",
            "fontSize": 14,
            "fontWeight": "700",
          }
        }
      >
        Lotado
      </Text>
      <Text
        color="#8A8A8E"
        style={
          {
            "color": "#8A8A8E",
            "fontFamily": "Inter_400Regular",
            "fontSize": 12,
            "marginTop": 4,
          }
        }
      >
        Longa espera
      </Text>
    </View>
    <Text
      color="#8A8A8E"
      style={
        {
          "color": "#8A8A8E",
          "fontFamily": "Inter_400Regular",
          "fontSize": 16,
          "fontWeight": "400",
          "marginLeft": 8,
        }
      }
    >
      ›
    </Text>
  </View>
</View>
`;
